
> web@0.1.0 build
> next build

node.exe : ΓÜá Warning: Next.js inferred your workspace root, but it may not be correct
.
At line:1 char:1
+ & "C:\Program Files\nodejs/node.exe" "C:\Program Files\nodejs/node_mo ...
+ ~~~~~~~~~~~~~~~~~~~~~~~~~~~~~~~~~~~~~~~~~~~~~~~~~~~~~~~~~~~~~~~~~~~~~
    + CategoryInfo          : NotSpecified: (ΓÜá Warning: Ne...not be correct.:String) 
    [], RemoteException
    + FullyQualifiedErrorId : NativeCommandError
 
 We detected multiple lockfiles and selected the directory of C:\Users\James\package-lo
ck.json as the root directory.
 To silence this warning, set `turbopack.root` in your Next.js config, or consider remo
ving one of the lockfiles if it's not needed.
   See https://nextjs.org/docs/app/api-reference/config/next-config-js/turbopack#root-d
irectory for more information.
 Detected additional lockfiles: 
   * C:\Users\James\Desktop\LMS\LMS.WebPanel\package-lock.json

Γû▓ Next.js 16.1.6 (Turbopack)
- Environments: .env.local

  Creating an optimized production build ...

> Build error occurred
Error: Turbopack build failed with 1 errors:
./Desktop/LMS/LMS.WebPanel/src/app/student/subjects/[id]/learn/page.tsx:26:1
Module not found: Can't resolve 'react-player/lazy'
[0m [90m 24 |[39m } [36mfrom[39m [32m'lucide-react'[39m[33m;[39m
 [90m 25 |[39m [36mimport[39m [33mLink[39m [36mfrom[39m [32m'next/link'[39m[
33m;[39m
[31m[1m>[22m[39m[90m 26 |[39m [36mimport[39m [33mReactPlayer[39m [36mfrom[3
9m [32m'react-player/lazy'[39m[33m;[39m
 [90m    |[39m [31m[1m^[22m[39m[31m[1m^[22m[39m[31m[1m^[22m[39m[31m[1m^
[22m[39m[31m[1m^[22m[39m[31m[1m^[22m[39m[31m[1m^[22m[39m[31m[1m^[22m[
39m[31m[1m^[22m[39m[31m[1m^[22m[39m[31m[1m^[22m[39m[31m[1m^[22m[39m[31
m[1m^[22m[39m[31m[1m^[22m[39m[31m[1m^[22m[39m[31m[1m^[22m[39m[31m[1m^
[22m[39m[31m[1m^[22m[39m[31m[1m^[22m[39m[31m[1m^[22m[39m[31m[1m^[22m[3
9m[31m[1m^[22m[39m[31m[1m^[22m[39m[31m[1m^[22m[39m[31m[1m^[22m[39m[31m
[1m^[22m[39m[31m[1m^[22m[39m[31m[1m^[22m[39m[31m[1m^[22m[39m[31m[1m^[
22m[39m[31m[1m^[22m[39m[31m[1m^[22m[39m[31m[1m^[22m[39m[31m[1m^[22m[39
m[31m[1m^[22m[39m[31m[1m^[22m[39m[31m[1m^[22m[39m[31m[1m^[22m[39m[31m
[1m^[22m[39m[31m[1m^[22m[39m[31m[1m^[22m[39m[31m[1m^[22m[39m[31m[1m^[2
2m[39m[31m[1m^[22m[39m
 [90m 27 |[39m
 [90m 28 |[39m [36mexport[39m [36mdefault[39m [36mfunction[39m [33mStudentLear
ningPage[39m() {
 [90m 29 |[39m     [36mconst[39m params [33m=[39m useParams()[33m;[39m[0m



Import traces:
  Client Component Browser:
    ./Desktop/LMS/LMS.WebPanel/src/app/student/subjects/[id]/learn/page.tsx [Client Com
ponent Browser]
    ./Desktop/LMS/LMS.WebPanel/src/app/student/subjects/[id]/learn/page.tsx [Server Com
ponent]

  Client Component SSR:
    ./Desktop/LMS/LMS.WebPanel/src/app/student/subjects/[id]/learn/page.tsx [Client Com
ponent SSR]
    ./Desktop/LMS/LMS.WebPanel/src/app/student/subjects/[id]/learn/page.tsx [Server Com
ponent]

https://nextjs.org/docs/messages/module-not-found


    at <unknown> (./Desktop/LMS/LMS.WebPanel/src/app/student/subjects/[id]/learn/page.t
sx:26:1)
    at <unknown> (https://nextjs.org/docs/messages/module-not-found)
